<testsuites id="" name="" tests="50" failures="3" skipped="3" errors="0" time="214.568408">
<testsuite name="Fixture-LambdaTest/loginLambdaTestFixture.spec.ts" timestamp="2025-02-17T05:43:20.735Z" hostname="chrome:latest:MacOS Catalina@lambdatest" tests="1" failures="1" skipped="0" time="2.663" errors="0">
<testcase name="Login › Login with valid user load inventory page" classname="Fixture-LambdaTest/loginLambdaTestFixture.spec.ts" time="2.663">
<failure message="loginLambdaTestFixture.spec.ts:9:9 Login with valid user load inventory page" type="FAILURE">
<![CDATA[  [chrome:latest:MacOS Catalina@lambdatest] › Fixture-LambdaTest/loginLambdaTestFixture.spec.ts:9:9 › Login › Login with valid user load inventory page @Fixture 

    Internal Server Error: browserType.connect: Internal Server Error

       at ../fixtures/lambdaTestFixture.ts:54

      52 |                 `${testInfo.title} - ${fileName}`
      53 |             );
    > 54 |             const browser = await chromium.connect(`wss://cdp.lambdatest.com/playwright?capabilities=
         |                                            ^
      55 |         ${encodeURIComponent(JSON.stringify(capabilities))}`);
      56 |             const ltPage = await browser.newPage(testInfo.project.use);
      57 |             await use(ltPage);
        at Object.page (/home/runner/work/Playwright/Playwright/fixtures/lambdaTestFixture.ts:54:44)

    attachment #1: trace (application/zip) ─────────────────────────────────────────────────────────
    test-results/Fixture-LambdaTest-loginLa-24caa-id-user-load-inventory-page-chrome-latest-MacOS-Catalina-lambdatest/trace.zip
    Usage:

        npx playwright show-trace test-results/Fixture-LambdaTest-loginLa-24caa-id-user-load-inventory-page-chrome-latest-MacOS-Catalina-lambdatest/trace.zip

    ────────────────────────────────────────────────────────────────────────────────────────────────

    Retry #1 ───────────────────────────────────────────────────────────────────────────────────────

    Internal Server Error: browserType.connect: Internal Server Error

       at ../fixtures/lambdaTestFixture.ts:54

      52 |                 `${testInfo.title} - ${fileName}`
      53 |             );
    > 54 |             const browser = await chromium.connect(`wss://cdp.lambdatest.com/playwright?capabilities=
         |                                            ^
      55 |         ${encodeURIComponent(JSON.stringify(capabilities))}`);
      56 |             const ltPage = await browser.newPage(testInfo.project.use);
      57 |             await use(ltPage);
        at Object.page (/home/runner/work/Playwright/Playwright/fixtures/lambdaTestFixture.ts:54:44)

    attachment #1: trace (application/zip) ─────────────────────────────────────────────────────────
    test-results/Fixture-LambdaTest-loginLa-24caa-id-user-load-inventory-page-chrome-latest-MacOS-Catalina-lambdatest-retry1/trace.zip
    Usage:

        npx playwright show-trace test-results/Fixture-LambdaTest-loginLa-24caa-id-user-load-inventory-page-chrome-latest-MacOS-Catalina-lambdatest-retry1/trace.zip

    ────────────────────────────────────────────────────────────────────────────────────────────────
]]>
</failure>
<system-out>
<![CDATA[
[[ATTACHMENT|../test-results/Fixture-LambdaTest-loginLa-24caa-id-user-load-inventory-page-chrome-latest-MacOS-Catalina-lambdatest/trace.zip]]

[[ATTACHMENT|../test-results/Fixture-LambdaTest-loginLa-24caa-id-user-load-inventory-page-chrome-latest-MacOS-Catalina-lambdatest-retry1/trace.zip]]
]]>
</system-out>
</testcase>
</testsuite>
<testsuite name="Fixture-LambdaTest/loginLambdaTestFixture.spec.ts" timestamp="2025-02-17T05:43:20.735Z" hostname="chrome:latest:Windows 10@lambdatest" tests="1" failures="1" skipped="0" time="2.46" errors="0">
<testcase name="Login › Login with valid user load inventory page" classname="Fixture-LambdaTest/loginLambdaTestFixture.spec.ts" time="2.46">
<failure message="loginLambdaTestFixture.spec.ts:9:9 Login with valid user load inventory page" type="FAILURE">
<![CDATA[  [chrome:latest:Windows 10@lambdatest] › Fixture-LambdaTest/loginLambdaTestFixture.spec.ts:9:9 › Login › Login with valid user load inventory page @Fixture 

    Internal Server Error: browserType.connect: Internal Server Error

       at ../fixtures/lambdaTestFixture.ts:54

      52 |                 `${testInfo.title} - ${fileName}`
      53 |             );
    > 54 |             const browser = await chromium.connect(`wss://cdp.lambdatest.com/playwright?capabilities=
         |                                            ^
      55 |         ${encodeURIComponent(JSON.stringify(capabilities))}`);
      56 |             const ltPage = await browser.newPage(testInfo.project.use);
      57 |             await use(ltPage);
        at Object.page (/home/runner/work/Playwright/Playwright/fixtures/lambdaTestFixture.ts:54:44)

    attachment #1: trace (application/zip) ─────────────────────────────────────────────────────────
    test-results/Fixture-LambdaTest-loginLa-24caa-id-user-load-inventory-page-chrome-latest-Windows-10-lambdatest/trace.zip
    Usage:

        npx playwright show-trace test-results/Fixture-LambdaTest-loginLa-24caa-id-user-load-inventory-page-chrome-latest-Windows-10-lambdatest/trace.zip

    ────────────────────────────────────────────────────────────────────────────────────────────────

    Retry #1 ───────────────────────────────────────────────────────────────────────────────────────

    Internal Server Error: browserType.connect: Internal Server Error

       at ../fixtures/lambdaTestFixture.ts:54

      52 |                 `${testInfo.title} - ${fileName}`
      53 |             );
    > 54 |             const browser = await chromium.connect(`wss://cdp.lambdatest.com/playwright?capabilities=
         |                                            ^
      55 |         ${encodeURIComponent(JSON.stringify(capabilities))}`);
      56 |             const ltPage = await browser.newPage(testInfo.project.use);
      57 |             await use(ltPage);
        at Object.page (/home/runner/work/Playwright/Playwright/fixtures/lambdaTestFixture.ts:54:44)

    attachment #1: trace (application/zip) ─────────────────────────────────────────────────────────
    test-results/Fixture-LambdaTest-loginLa-24caa-id-user-load-inventory-page-chrome-latest-Windows-10-lambdatest-retry1/trace.zip
    Usage:

        npx playwright show-trace test-results/Fixture-LambdaTest-loginLa-24caa-id-user-load-inventory-page-chrome-latest-Windows-10-lambdatest-retry1/trace.zip

    ────────────────────────────────────────────────────────────────────────────────────────────────
]]>
</failure>
<system-out>
<![CDATA[
[[ATTACHMENT|../test-results/Fixture-LambdaTest-loginLa-24caa-id-user-load-inventory-page-chrome-latest-Windows-10-lambdatest/trace.zip]]

[[ATTACHMENT|../test-results/Fixture-LambdaTest-loginLa-24caa-id-user-load-inventory-page-chrome-latest-Windows-10-lambdatest-retry1/trace.zip]]
]]>
</system-out>
</testcase>
</testsuite>
<testsuite name="AI/login.spec.ts" timestamp="2025-02-17T05:43:20.735Z" hostname="desktop-chromium" tests="1" failures="1" skipped="0" time="5.25" errors="0">
<testcase name="AI Zero Step › Should show dashboard after login" classname="AI/login.spec.ts" time="5.25">
<failure message="login.spec.ts:7:9 Should show dashboard after login" type="FAILURE">
<![CDATA[  [desktop-chromium] › AI/login.spec.ts:7:9 › AI Zero Step › Should show dashboard after login @AI_Zero_Step 

    "zerostep.error 'Account usage limit reached'. Version:v0.1.5 TaskId:0195126e-cf3b-7308-b45f-31b65b893e9a"

    attachment #3: screenshot (image/png) ──────────────────────────────────────────────────────────
    test-results/AI-login-AI-Zero-Step-Should-show-dashboard-after-login-desktop-chromium/test-failed-1.png
    ────────────────────────────────────────────────────────────────────────────────────────────────

    attachment #4: video (video/webm) ──────────────────────────────────────────────────────────────
    test-results/AI-login-AI-Zero-Step-Should-show-dashboard-after-login-desktop-chromium/video.webm
    ────────────────────────────────────────────────────────────────────────────────────────────────

    attachment #5: trace (application/zip) ─────────────────────────────────────────────────────────
    test-results/AI-login-AI-Zero-Step-Should-show-dashboard-after-login-desktop-chromium/trace.zip
    Usage:

        npx playwright show-trace test-results/AI-login-AI-Zero-Step-Should-show-dashboard-after-login-desktop-chromium/trace.zip

    ────────────────────────────────────────────────────────────────────────────────────────────────

    Retry #1 ───────────────────────────────────────────────────────────────────────────────────────

    "zerostep.error 'Account usage limit reached'. Version:v0.1.5 TaskId:0195126e-e071-7f74-a9ca-f4bec7074cf7"

    attachment #3: screenshot (image/png) ──────────────────────────────────────────────────────────
    test-results/AI-login-AI-Zero-Step-Should-show-dashboard-after-login-desktop-chromium-retry1/test-failed-1.png
    ────────────────────────────────────────────────────────────────────────────────────────────────

    attachment #4: video (video/webm) ──────────────────────────────────────────────────────────────
    test-results/AI-login-AI-Zero-Step-Should-show-dashboard-after-login-desktop-chromium-retry1/video.webm
    ────────────────────────────────────────────────────────────────────────────────────────────────

    attachment #5: trace (application/zip) ─────────────────────────────────────────────────────────
    test-results/AI-login-AI-Zero-Step-Should-show-dashboard-after-login-desktop-chromium-retry1/trace.zip
    Usage:

        npx playwright show-trace test-results/AI-login-AI-Zero-Step-Should-show-dashboard-after-login-desktop-chromium-retry1/trace.zip

    ────────────────────────────────────────────────────────────────────────────────────────────────
]]>
</failure>
<system-out>
<![CDATA[
[[ATTACHMENT|../test-results/AI-login-AI-Zero-Step-Should-show-dashboard-after-login-desktop-chromium/test-failed-1.png]]

[[ATTACHMENT|../test-results/AI-login-AI-Zero-Step-Should-show-dashboard-after-login-desktop-chromium/video.webm]]

[[ATTACHMENT|../test-results/AI-login-AI-Zero-Step-Should-show-dashboard-after-login-desktop-chromium/trace.zip]]

[[ATTACHMENT|../test-results/AI-login-AI-Zero-Step-Should-show-dashboard-after-login-desktop-chromium-retry1/test-failed-1.png]]

[[ATTACHMENT|../test-results/AI-login-AI-Zero-Step-Should-show-dashboard-after-login-desktop-chromium-retry1/video.webm]]

[[ATTACHMENT|../test-results/AI-login-AI-Zero-Step-Should-show-dashboard-after-login-desktop-chromium-retry1/trace.zip]]
]]>
</system-out>
<system-err>
<![CDATA[zerostep.error 'Account usage limit reached'. Version:v0.1.5 TaskId:0195126e-cf3b-7308-b45f-31b65b893e9a
zerostep.error 'Account usage limit reached'. Version:v0.1.5 TaskId:0195126e-e071-7f74-a9ca-f4bec7074cf7
]]>
</system-err>
</testcase>
</testsuite>
<testsuite name="Api/addToCart.spec.ts" timestamp="2025-02-17T05:43:20.735Z" hostname="desktop-chromium" tests="1" failures="0" skipped="0" time="59.493" errors="0">
<testcase name="WebdriverIO Shop › Should add an item to the cart" classname="Api/addToCart.spec.ts" time="59.493">
<properties>
<property name="Go To" value="Go to: &quot;https://shop.webdriver.io&quot;">
</property>
<property name="Link" value="Click: &quot;Shop All&quot;">
</property>
<property name="Step" value="Click in the product: &quot;WebdriverIO T-Shirt - Code Test Dominate&quot;">
</property>
<property name="Select" value="On &quot;Color&quot; select any option">
</property>
<property name="Select" value="On &quot;Color&quot; select the option Cotton Pink">
</property>
<property name="Step" value="Select any available Size">
</property>
<property name="Select" value="On &quot;Size&quot; select any option">
</property>
<property name="Select" value="On &quot;Size&quot; select the option XL">
</property>
<property name="Step" value="Get the product price">
</property>
<property name="Button" value="Click: &quot; 
		Add to Cart
		 
	$35.00
&quot;">
</property>
<property name="Assert" value="There is one item in the bag">
</property>
<property name="Button" value="Click: &quot;
 
				1
			 
				items
			&quot;">
</property>
<property name="Assert" value="The name of the item in the cart is: &quot;WebdriverIO T-Shirt - Code Test Dominate&quot;">
</property>
<property name="Assert" value="The price of the item in the cart is: &quot;$35.00&quot;">
</property>
<property name="Assert" value="The subtotal is: &quot;$35.00&quot;">
</property>
</properties>
<system-out>
<![CDATA[
[[ATTACHMENT|../test-results/Api-addToCart-WebdriverIO--609ad-uld-add-an-item-to-the-cart-desktop-chromium/test-failed-1.png]]

[[ATTACHMENT|../test-results/Api-addToCart-WebdriverIO--609ad-uld-add-an-item-to-the-cart-desktop-chromium/video.webm]]

[[ATTACHMENT|../test-results/Api-addToCart-WebdriverIO--609ad-uld-add-an-item-to-the-cart-desktop-chromium/trace.zip]]
]]>
</system-out>
</testcase>
</testsuite>
<testsuite name="Api/servers.spec.ts" timestamp="2025-02-17T05:43:20.735Z" hostname="desktop-chromium" tests="2" failures="0" skipped="0" time="11.68" errors="0">
<testcase name="Servers › Should add a server" classname="Api/servers.spec.ts" time="7.001">
<properties>
<property name="Description" value="An admin user can add a server">
</property>
<property name="Pre Condition" value="A valid admin username and password is logged">
</property>
<property name="Go To" value="Go to the servers page: &quot;https://effizientedemo.azurewebsites.net/Security/servers&apos;&quot;">
</property>
<property name="Post Condition" value="Delete server with the key: &quot;957629&quot; if exists">
</property>
<property name="Button" value="Click: &quot;Add&quot;">
</property>
<property name="InputText" value="Fill &quot;Key:&quot; with the value: &quot;957629&quot;">
</property>
<property name="InputText" value="Fill &quot;Name:&quot; with the value: &quot;Collins Group&quot;">
</property>
<property name="InputText" value="Fill &quot;Url:&quot; with the value: &quot;https://young-stay.info/&quot;">
</property>
<property name="Step" value="Save server and return server id from api">
</property>
<property name="Button" value="Click: &quot;Save&quot;">
</property>
<property name="Assert" value="Success message is visible">
</property>
<property name="Assert" value="Server id should be a number greater than 1">
</property>
<property name="Assert" value="Server with the key: &quot;957629&quot; exists in the table">
</property>
<property name="Assert" value="The server name for the key: &quot;957629&quot; is: &quot;Collins Group&quot;">
</property>
<property name="Assert" value="The server url for the key: &quot;957629&quot; is: &quot;https://young-stay.info/&quot;">
</property>
<property name="Post Condition" value="Delete the server with API request">
</property>
</properties>
</testcase>
<testcase name="Servers › Should edit a server" classname="Api/servers.spec.ts" time="4.679">
<properties>
<property name="Description" value="An admin user can edit a server">
</property>
<property name="Pre Condition" value="A valid admin username and password is logged">
</property>
<property name="Go To" value="Go to the servers page: &quot;https://effizientedemo.azurewebsites.net/Security/servers&apos;&quot;">
</property>
<property name="Step" value="Create server with API">
</property>
<property name="Go To" value="Go to the servers page: &quot;https://effizientedemo.azurewebsites.net/Security/servers&apos;&quot;">
</property>
<property name="InputText" value="Fill &quot;key:&quot; with the value: &quot;707664&quot;">
</property>
<property name="InputText" value="Fill &quot;Name:&quot; with the value: &quot;McCullough - Vandervort&quot;">
</property>
<property name="InputText" value="Fill &quot;Url:&quot; with the value: &quot;https://moral-crocodile.info&quot;">
</property>
<property name="Button" value="Click: &quot;Save&quot;">
</property>
<property name="Assert" value="Success message is visible">
</property>
<property name="Assert" value="Server with the key: &quot;707664&quot; exists in the table">
</property>
<property name="Assert" value="The server name for the key: &quot;707664&quot; is: &quot;McCullough - Vandervort&quot;">
</property>
<property name="Assert" value="The server url for the key: &quot;707664&quot; is: &quot;https://moral-crocodile.info&quot;">
</property>
<property name="Post Condition" value="Delete the server with API request">
</property>
</properties>
</testcase>
</testsuite>
<testsuite name="Basic/login.spec.ts" timestamp="2025-02-17T05:43:20.735Z" hostname="desktop-chromium" tests="1" failures="0" skipped="0" time="1.211" errors="0">
<testcase name="Login › Login with valid user load inventory page" classname="Basic/login.spec.ts" time="1.211">
<properties>
<property name="Description" value="Login with valid user on sauce demo">
</property>
<property name="Pre Condition" value="A valid username and password">
</property>
<property name="Go To" value="Go to: &quot;https://www.saucedemo.com&quot;">
</property>
<property name="InputText" value="Fill &quot;Username:&quot; with the value: &quot;standard_user&quot;">
</property>
<property name="InputPassword" value="Fill &quot;Password&quot; with value: *****">
</property>
<property name="Button" value="Click: &quot;Login&quot;">
</property>
<property name="Assert" value="Check URL Page is equal to: &quot;https://www.saucedemo.com/inventory.html&quot;">
</property>
</properties>
</testcase>
</testsuite>
<testsuite name="Basic/menu.spec.ts" timestamp="2025-02-17T05:43:20.735Z" hostname="desktop-chromium" tests="2" failures="0" skipped="0" time="7.55" errors="0">
<testcase name="Normal user › Should returns user menu" classname="Basic/menu.spec.ts" time="4.284">
<properties>
<property name="Description" value="Login to effiziente demo with a normal user, the user will see the menu for normal users">
</property>
<property name="Pre Condition" value="A valid normal user">
</property>
<property name="Go To" value="Go to: &quot;https://effizientedemo.azurewebsites.net/AccountsReceivable/dashboard&quot;">
</property>
<property name="PrimeFacesMenu" value="Get top menus">
</property>
<property name="Assert" value="Menu are equal to: &quot;AccountsReceivable,Config&quot;">
</property>
</properties>
</testcase>
<testcase name="Admin user › Should returns admin menu" classname="Basic/menu.spec.ts" time="3.266">
<properties>
<property name="Description" value="Login to effiziente demo with a admin user, the user will see the menu for admin users">
</property>
<property name="Pre Condition" value="A valid admin user">
</property>
<property name="Go To" value="Go to: &quot;https://effizientedemo.azurewebsites.net/AccountsReceivable/dashboard&quot;">
</property>
<property name="PrimeFacesMenu" value="Get top menus">
</property>
<property name="Assert" value="Menu are equal to: &quot;AccountsReceivable,Security,Config&quot;">
</property>
</properties>
</testcase>
</testsuite>
<testsuite name="Basic/parameterized.spec.ts" timestamp="2025-02-17T05:43:20.735Z" hostname="desktop-chromium" tests="2" failures="0" skipped="0" time="2.489" errors="0">
<testcase name="Login with Parameters › Login with &quot;standard_user&quot; from parameters will load inventory page" classname="Basic/parameterized.spec.ts" time="1.102">
<properties>
<property name="Description" value="Login with valid user on Sauce Demo">
</property>
<property name="Pre Condition" value="A valid username and password">
</property>
<property name="Go To" value="Go to: &quot;https://www.saucedemo.com&quot;">
</property>
<property name="InputText" value="Fill &quot;Username:&quot; with the value: &quot;standard_user&quot;">
</property>
<property name="InputPassword" value="Fill &quot;Password&quot; with value: *****">
</property>
<property name="Button" value="Click: &quot;Login&quot;">
</property>
<property name="Assert" value="Check URL Page is equal to: https://www.saucedemo.com/inventory.html&quot;">
</property>
</properties>
</testcase>
<testcase name="Login with Parameters › Login with &quot;visual_user&quot; from parameters will load inventory page" classname="Basic/parameterized.spec.ts" time="1.387">
<properties>
<property name="Description" value="Login with valid user on Sauce Demo">
</property>
<property name="Pre Condition" value="A valid username and password">
</property>
<property name="Go To" value="Go to: &quot;https://www.saucedemo.com&quot;">
</property>
<property name="InputText" value="Fill &quot;Username:&quot; with the value: &quot;visual_user&quot;">
</property>
<property name="InputPassword" value="Fill &quot;Password&quot; with value: *****">
</property>
<property name="Button" value="Click: &quot;Login&quot;">
</property>
<property name="Assert" value="Check URL Page is equal to: https://www.saucedemo.com/inventory.html&quot;">
</property>
</properties>
</testcase>
</testsuite>
<testsuite name="Excel/exportServers.spec.ts" timestamp="2025-02-17T05:43:20.735Z" hostname="desktop-chromium" tests="1" failures="0" skipped="0" time="2.433" errors="0">
<testcase name="Servers › Should export servers to excel" classname="Excel/exportServers.spec.ts" time="2.433">
<properties>
<property name="Go To" value="Go to the servers page: &quot;https://effizientedemo.azurewebsites.net/Security/servers&apos;&quot;">
</property>
<property name="ButtonExcel" value="Click: &quot;Export to Excel&quot;">
</property>
<property name="Assert" value="The excel file rows are equal to the grid rows">
</property>
</properties>
<system-out>
<![CDATA[
[[ATTACHMENT|../test-results/Excel-exportServers-Servers-Should-export-servers-to-excel-desktop-chromium/attachments/servers-xlsx-b45414d1440b649c23868d9b19e0f22e5f012826.xlsx]]
]]>
</system-out>
</testcase>
</testsuite>
<testsuite name="Fixture-LambdaTest/loginLambdaTestFixture.spec.ts" timestamp="2025-02-17T05:43:20.735Z" hostname="desktop-chromium" tests="1" failures="0" skipped="0" time="1.093" errors="0">
<testcase name="Login › Login with valid user load inventory page" classname="Fixture-LambdaTest/loginLambdaTestFixture.spec.ts" time="1.093">
<properties>
<property name="Go To" value="Go to: &quot;https://www.saucedemo.com&quot;">
</property>
<property name="InputText" value="Fill &quot;Username:&quot; with the value: &quot;standard_user&quot;">
</property>
<property name="InputPassword" value="Fill &quot;Password&quot; with value: *****">
</property>
<property name="Button" value="Click: &quot;Login&quot;">
</property>
<property name="Assert" value="Check URL Page equal to: &quot;https://www.saucedemo.com/inventory.html">
</property>
</properties>
</testcase>
</testsuite>
<testsuite name="LocaleGeo/bingMaps.spec.ts" timestamp="2025-02-17T05:43:20.735Z" hostname="desktop-chromium" tests="1" failures="0" skipped="0" time="13.564" errors="0">
<testcase name="Geo Location Test › The bing maps is located to munich" classname="LocaleGeo/bingMaps.spec.ts" time="13.564">
<properties>
<property name="Go To" value="Go to: &quot;https://www.bing.com/maps&quot;">
</property>
<property name="Button" value="Click: &quot;Locate me&quot;">
</property>
<property name="Button" value="Check if the button is visible">
</property>
<property name="Button" value="Click: &quot;Expand/Collapse Geochain&quot;">
</property>
<property name="Assert" value="Geo name is equal to: &quot;GermanyBavariaMunich (District)&quot;">
</property>
</properties>
</testcase>
</testsuite>
<testsuite name="LocaleGeo/searchLocale.spec.ts" timestamp="2025-02-17T05:43:20.735Z" hostname="desktop-chromium" tests="1" failures="0" skipped="0" time="3.007" errors="0">
<testcase name="Locale translations › Should display correct translations for specified locale and timezone" classname="LocaleGeo/searchLocale.spec.ts" time="3.007">
<properties>
<property name="Go To" value="Go to: &quot;https://www.google.com&quot;">
</property>
<property name="Assert" value="Search button text is equal to: &quot;Buscar con Google&quot;">
</property>
</properties>
</testcase>
</testsuite>
<testsuite name="Synthetic/login.spec.ts" timestamp="2025-02-17T05:43:20.735Z" hostname="desktop-chromium" tests="1" failures="0" skipped="0" time="5.662" errors="0">
<testcase name="Synthetic login testing › Should show dashboard" classname="Synthetic/login.spec.ts" time="5.662">
</testcase>
</testsuite>
<testsuite name="Synthetic/menu.spec.ts" timestamp="2025-02-17T05:43:20.735Z" hostname="desktop-chromium" tests="1" failures="0" skipped="0" time="4.678" errors="0">
<testcase name="Synthetic testing › Should show dashboard" classname="Synthetic/menu.spec.ts" time="4.678">
<properties>
<property name="Navigation" value="Go to: &quot;https://effizientedemo.azurewebsites.net&quot;">
</property>
</properties>
</testcase>
</testsuite>
<testsuite name="VisualTesting/dashboard.spec.ts" timestamp="2025-02-17T05:43:20.735Z" hostname="desktop-chromium" tests="1" failures="0" skipped="0" time="4.456" errors="0">
<testcase name="Check Dashboard › Should show dashboard" classname="VisualTesting/dashboard.spec.ts" time="4.456">
<properties>
<property name="Mock" value="Modify the summary with fixed data">
</property>
<property name="Mock" value="Modify the &quot;Sumary Expiration&quot; with fixed data">
</property>
<property name="Mock" value="Modify the &quot;Top 5 delay&quot; with fixed data">
</property>
<property name="Mock" value="Modify the &quot;Top 5 total&quot; with fixed data">
</property>
<property name="Mock" value="Modify the &quot;Top 5 type&quot; with fixed data">
</property>
<property name="Mock" value="Modify the &quot;Top 10 Limit 1&quot; with fixed data">
</property>
<property name="Mock" value="Modify the &quot;Top 10 Limit 2&quot; with fixed data">
</property>
<property name="Mock" value="Modify the &quot;Top 10 Limit 3&quot; with fixed data">
</property>
<property name="Mock" value="Modify the &quot;Top 10 To Expire&quot; with fixed data">
</property>
<property name="Go To" value="Go to: &quot;https://effizientedemo.azurewebsites.net/AccountsReceivable/dashboard&quot;">
</property>
<property name="Go To" value="Wait to charts are visible">
</property>
<property name="Step" value="Compare snapshot: dashboard.png with maxDiffPixelsRatio: 0.1">
</property>
</properties>
</testcase>
</testsuite>
<testsuite name="AI/login.spec.ts" timestamp="2025-02-17T05:43:20.735Z" hostname="desktop-firefox" tests="1" failures="0" skipped="1" time="1.806" errors="0">
<testcase name="AI Zero Step › Should show dashboard after login" classname="AI/login.spec.ts" time="1.806">
<properties>
<property name="skip" value="Zero Steps only works in chromium">
</property>
</properties>
<skipped>
</skipped>
</testcase>
</testsuite>
<testsuite name="Api/addToCart.spec.ts" timestamp="2025-02-17T05:43:20.735Z" hostname="desktop-firefox" tests="1" failures="0" skipped="0" time="29.514" errors="0">
<testcase name="WebdriverIO Shop › Should add an item to the cart" classname="Api/addToCart.spec.ts" time="29.514">
<properties>
<property name="Go To" value="Go to: &quot;https://shop.webdriver.io&quot;">
</property>
<property name="Link" value="Click: &quot;Shop All&quot;">
</property>
<property name="Step" value="Click in the product: &quot;WebdriverIO T-Shirt - Code Test Dominate&quot;">
</property>
<property name="Select" value="On &quot;Color&quot; select any option">
</property>
<property name="Select" value="On &quot;Color&quot; select the option Dark Heather Grey">
</property>
<property name="Step" value="Select any available Size">
</property>
<property name="Select" value="On &quot;Size&quot; select any option">
</property>
<property name="Select" value="On &quot;Size&quot; select the option XL">
</property>
<property name="Step" value="Get the product price">
</property>
<property name="Button" value="Click: &quot; 
		Add to Cart
		 
	$35.00
&quot;">
</property>
<property name="Assert" value="There is one item in the bag">
</property>
<property name="Button" value="Click: &quot;
 
				1
			 
				items
			&quot;">
</property>
<property name="Assert" value="The name of the item in the cart is: &quot;WebdriverIO T-Shirt - Code Test Dominate&quot;">
</property>
<property name="Assert" value="The price of the item in the cart is: &quot;$35.00&quot;">
</property>
<property name="Assert" value="The subtotal is: &quot;$35.00&quot;">
</property>
</properties>
</testcase>
</testsuite>
<testsuite name="Api/servers.spec.ts" timestamp="2025-02-17T05:43:20.735Z" hostname="desktop-firefox" tests="2" failures="0" skipped="0" time="19.987" errors="0">
<testcase name="Servers › Should add a server" classname="Api/servers.spec.ts" time="10.163">
<properties>
<property name="Description" value="An admin user can add a server">
</property>
<property name="Pre Condition" value="A valid admin username and password is logged">
</property>
<property name="Go To" value="Go to the servers page: &quot;https://effizientedemo.azurewebsites.net/Security/servers&apos;&quot;">
</property>
<property name="Post Condition" value="Delete server with the key: &quot;459316&quot; if exists">
</property>
<property name="Button" value="Click: &quot;Add&quot;">
</property>
<property name="InputText" value="Fill &quot;Key:&quot; with the value: &quot;459316&quot;">
</property>
<property name="InputText" value="Fill &quot;Name:&quot; with the value: &quot;Schuppe, Mueller and Blick&quot;">
</property>
<property name="InputText" value="Fill &quot;Url:&quot; with the value: &quot;https://direct-intervention.info/&quot;">
</property>
<property name="Step" value="Save server and return server id from api">
</property>
<property name="Button" value="Click: &quot;Save&quot;">
</property>
<property name="Assert" value="Success message is visible">
</property>
<property name="Assert" value="Server id should be a number greater than 1">
</property>
<property name="Assert" value="Server with the key: &quot;459316&quot; exists in the table">
</property>
<property name="Assert" value="The server name for the key: &quot;459316&quot; is: &quot;Schuppe, Mueller and Blick&quot;">
</property>
<property name="Assert" value="The server url for the key: &quot;459316&quot; is: &quot;https://direct-intervention.info/&quot;">
</property>
<property name="Post Condition" value="Delete the server with API request">
</property>
</properties>
</testcase>
<testcase name="Servers › Should edit a server" classname="Api/servers.spec.ts" time="9.824">
<properties>
<property name="Description" value="An admin user can edit a server">
</property>
<property name="Pre Condition" value="A valid admin username and password is logged">
</property>
<property name="Go To" value="Go to the servers page: &quot;https://effizientedemo.azurewebsites.net/Security/servers&apos;&quot;">
</property>
<property name="Step" value="Create server with API">
</property>
<property name="Go To" value="Go to the servers page: &quot;https://effizientedemo.azurewebsites.net/Security/servers&apos;&quot;">
</property>
<property name="InputText" value="Fill &quot;key:&quot; with the value: &quot;935125&quot;">
</property>
<property name="InputText" value="Fill &quot;Name:&quot; with the value: &quot;Kihn Inc&quot;">
</property>
<property name="InputText" value="Fill &quot;Url:&quot; with the value: &quot;https://trusty-courtroom.org/&quot;">
</property>
<property name="Button" value="Click: &quot;Save&quot;">
</property>
<property name="Assert" value="Success message is visible">
</property>
<property name="Assert" value="Server with the key: &quot;935125&quot; exists in the table">
</property>
<property name="Assert" value="The server name for the key: &quot;935125&quot; is: &quot;Kihn Inc&quot;">
</property>
<property name="Assert" value="The server url for the key: &quot;935125&quot; is: &quot;https://trusty-courtroom.org/&quot;">
</property>
<property name="Post Condition" value="Delete the server with API request">
</property>
</properties>
</testcase>
</testsuite>
<testsuite name="Basic/login.spec.ts" timestamp="2025-02-17T05:43:20.735Z" hostname="desktop-firefox" tests="1" failures="0" skipped="0" time="1.518" errors="0">
<testcase name="Login › Login with valid user load inventory page" classname="Basic/login.spec.ts" time="1.518">
<properties>
<property name="Description" value="Login with valid user on sauce demo">
</property>
<property name="Pre Condition" value="A valid username and password">
</property>
<property name="Go To" value="Go to: &quot;https://www.saucedemo.com&quot;">
</property>
<property name="InputText" value="Fill &quot;Username:&quot; with the value: &quot;standard_user&quot;">
</property>
<property name="InputPassword" value="Fill &quot;Password&quot; with value: *****">
</property>
<property name="Button" value="Click: &quot;Login&quot;">
</property>
<property name="Assert" value="Check URL Page is equal to: &quot;https://www.saucedemo.com/inventory.html&quot;">
</property>
</properties>
</testcase>
</testsuite>
<testsuite name="Basic/menu.spec.ts" timestamp="2025-02-17T05:43:20.735Z" hostname="desktop-firefox" tests="2" failures="0" skipped="0" time="13.972" errors="0">
<testcase name="Normal user › Should returns user menu" classname="Basic/menu.spec.ts" time="8.664">
<properties>
<property name="Description" value="Login to effiziente demo with a normal user, the user will see the menu for normal users">
</property>
<property name="Pre Condition" value="A valid normal user">
</property>
<property name="Go To" value="Go to: &quot;https://effizientedemo.azurewebsites.net/AccountsReceivable/dashboard&quot;">
</property>
<property name="PrimeFacesMenu" value="Get top menus">
</property>
<property name="Assert" value="Menu are equal to: &quot;AccountsReceivable,Config&quot;">
</property>
</properties>
</testcase>
<testcase name="Admin user › Should returns admin menu" classname="Basic/menu.spec.ts" time="5.308">
<properties>
<property name="Description" value="Login to effiziente demo with a admin user, the user will see the menu for admin users">
</property>
<property name="Pre Condition" value="A valid admin user">
</property>
<property name="Go To" value="Go to: &quot;https://effizientedemo.azurewebsites.net/AccountsReceivable/dashboard&quot;">
</property>
<property name="PrimeFacesMenu" value="Get top menus">
</property>
<property name="Assert" value="Menu are equal to: &quot;AccountsReceivable,Security,Config&quot;">
</property>
</properties>
</testcase>
</testsuite>
<testsuite name="Basic/parameterized.spec.ts" timestamp="2025-02-17T05:43:20.735Z" hostname="desktop-firefox" tests="2" failures="0" skipped="0" time="4.893" errors="0">
<testcase name="Login with Parameters › Login with &quot;standard_user&quot; from parameters will load inventory page" classname="Basic/parameterized.spec.ts" time="2.319">
<properties>
<property name="Description" value="Login with valid user on Sauce Demo">
</property>
<property name="Pre Condition" value="A valid username and password">
</property>
<property name="Go To" value="Go to: &quot;https://www.saucedemo.com&quot;">
</property>
<property name="InputText" value="Fill &quot;Username:&quot; with the value: &quot;standard_user&quot;">
</property>
<property name="InputPassword" value="Fill &quot;Password&quot; with value: *****">
</property>
<property name="Button" value="Click: &quot;Login&quot;">
</property>
<property name="Assert" value="Check URL Page is equal to: https://www.saucedemo.com/inventory.html&quot;">
</property>
</properties>
</testcase>
<testcase name="Login with Parameters › Login with &quot;visual_user&quot; from parameters will load inventory page" classname="Basic/parameterized.spec.ts" time="2.574">
<properties>
<property name="Description" value="Login with valid user on Sauce Demo">
</property>
<property name="Pre Condition" value="A valid username and password">
</property>
<property name="Go To" value="Go to: &quot;https://www.saucedemo.com&quot;">
</property>
<property name="InputText" value="Fill &quot;Username:&quot; with the value: &quot;visual_user&quot;">
</property>
<property name="InputPassword" value="Fill &quot;Password&quot; with value: *****">
</property>
<property name="Button" value="Click: &quot;Login&quot;">
</property>
<property name="Assert" value="Check URL Page is equal to: https://www.saucedemo.com/inventory.html&quot;">
</property>
</properties>
</testcase>
</testsuite>
<testsuite name="Excel/exportServers.spec.ts" timestamp="2025-02-17T05:43:20.735Z" hostname="desktop-firefox" tests="1" failures="0" skipped="0" time="6.354" errors="0">
<testcase name="Servers › Should export servers to excel" classname="Excel/exportServers.spec.ts" time="6.354">
<properties>
<property name="Go To" value="Go to the servers page: &quot;https://effizientedemo.azurewebsites.net/Security/servers&apos;&quot;">
</property>
<property name="ButtonExcel" value="Click: &quot;Export to Excel&quot;">
</property>
<property name="Assert" value="The excel file rows are equal to the grid rows">
</property>
</properties>
<system-out>
<![CDATA[
[[ATTACHMENT|../test-results/Excel-exportServers-Servers-Should-export-servers-to-excel-desktop-firefox/attachments/servers-xlsx-b45414d1440b649c23868d9b19e0f22e5f012826.xlsx]]
]]>
</system-out>
</testcase>
</testsuite>
<testsuite name="Fixture-LambdaTest/loginLambdaTestFixture.spec.ts" timestamp="2025-02-17T05:43:20.735Z" hostname="desktop-firefox" tests="1" failures="0" skipped="0" time="1.474" errors="0">
<testcase name="Login › Login with valid user load inventory page" classname="Fixture-LambdaTest/loginLambdaTestFixture.spec.ts" time="1.474">
<properties>
<property name="Go To" value="Go to: &quot;https://www.saucedemo.com&quot;">
</property>
<property name="InputText" value="Fill &quot;Username:&quot; with the value: &quot;standard_user&quot;">
</property>
<property name="InputPassword" value="Fill &quot;Password&quot; with value: *****">
</property>
<property name="Button" value="Click: &quot;Login&quot;">
</property>
<property name="Assert" value="Check URL Page equal to: &quot;https://www.saucedemo.com/inventory.html">
</property>
</properties>
</testcase>
</testsuite>
<testsuite name="LocaleGeo/bingMaps.spec.ts" timestamp="2025-02-17T05:43:20.735Z" hostname="desktop-firefox" tests="1" failures="0" skipped="1" time="0.689" errors="0">
<testcase name="Geo Location Test › The bing maps is located to munich" classname="LocaleGeo/bingMaps.spec.ts" time="0.689">
<properties>
<property name="skip" value="Geolocation not work in firefox">
</property>
</properties>
<skipped>
</skipped>
</testcase>
</testsuite>
<testsuite name="LocaleGeo/searchLocale.spec.ts" timestamp="2025-02-17T05:43:20.735Z" hostname="desktop-firefox" tests="1" failures="0" skipped="0" time="3.354" errors="0">
<testcase name="Locale translations › Should display correct translations for specified locale and timezone" classname="LocaleGeo/searchLocale.spec.ts" time="3.354">
<properties>
<property name="Go To" value="Go to: &quot;https://www.google.com&quot;">
</property>
<property name="Assert" value="Search button text is equal to: &quot;Buscar con Google&quot;">
</property>
</properties>
</testcase>
</testsuite>
<testsuite name="Synthetic/login.spec.ts" timestamp="2025-02-17T05:43:20.735Z" hostname="desktop-firefox" tests="1" failures="0" skipped="0" time="5.858" errors="0">
<testcase name="Synthetic login testing › Should show dashboard" classname="Synthetic/login.spec.ts" time="5.858">
</testcase>
</testsuite>
<testsuite name="Synthetic/menu.spec.ts" timestamp="2025-02-17T05:43:20.735Z" hostname="desktop-firefox" tests="1" failures="0" skipped="0" time="6.673" errors="0">
<testcase name="Synthetic testing › Should show dashboard" classname="Synthetic/menu.spec.ts" time="6.673">
<properties>
<property name="Navigation" value="Go to: &quot;https://effizientedemo.azurewebsites.net&quot;">
</property>
</properties>
</testcase>
</testsuite>
<testsuite name="VisualTesting/dashboard.spec.ts" timestamp="2025-02-17T05:43:20.735Z" hostname="desktop-firefox" tests="1" failures="0" skipped="0" time="5.929" errors="0">
<testcase name="Check Dashboard › Should show dashboard" classname="VisualTesting/dashboard.spec.ts" time="5.929">
<properties>
<property name="Mock" value="Modify the summary with fixed data">
</property>
<property name="Mock" value="Modify the &quot;Sumary Expiration&quot; with fixed data">
</property>
<property name="Mock" value="Modify the &quot;Top 5 delay&quot; with fixed data">
</property>
<property name="Mock" value="Modify the &quot;Top 5 total&quot; with fixed data">
</property>
<property name="Mock" value="Modify the &quot;Top 5 type&quot; with fixed data">
</property>
<property name="Mock" value="Modify the &quot;Top 10 Limit 1&quot; with fixed data">
</property>
<property name="Mock" value="Modify the &quot;Top 10 Limit 2&quot; with fixed data">
</property>
<property name="Mock" value="Modify the &quot;Top 10 Limit 3&quot; with fixed data">
</property>
<property name="Mock" value="Modify the &quot;Top 10 To Expire&quot; with fixed data">
</property>
<property name="Go To" value="Go to: &quot;https://effizientedemo.azurewebsites.net/AccountsReceivable/dashboard&quot;">
</property>
<property name="Go To" value="Wait to charts are visible">
</property>
<property name="Step" value="Compare snapshot: dashboard.png with maxDiffPixelsRatio: 0.1">
</property>
</properties>
</testcase>
</testsuite>
<testsuite name="AI/login.spec.ts" timestamp="2025-02-17T05:43:20.735Z" hostname="desktop-webkit" tests="1" failures="0" skipped="1" time="1.614" errors="0">
<testcase name="AI Zero Step › Should show dashboard after login" classname="AI/login.spec.ts" time="1.614">
<properties>
<property name="skip" value="Zero Steps only works in chromium">
</property>
</properties>
<skipped>
</skipped>
</testcase>
</testsuite>
<testsuite name="Api/addToCart.spec.ts" timestamp="2025-02-17T05:43:20.735Z" hostname="desktop-webkit" tests="1" failures="0" skipped="0" time="35.443" errors="0">
<testcase name="WebdriverIO Shop › Should add an item to the cart" classname="Api/addToCart.spec.ts" time="35.443">
<properties>
<property name="Go To" value="Go to: &quot;https://shop.webdriver.io&quot;">
</property>
<property name="Link" value="Click: &quot;Shop All&quot;">
</property>
<property name="Step" value="Click in the product: &quot;WebdriverIO T-Shirt - Code Test Dominate&quot;">
</property>
<property name="Select" value="On &quot;Color&quot; select any option">
</property>
<property name="Select" value="On &quot;Color&quot; select the option Cotton Pink">
</property>
<property name="Step" value="Select any available Size">
</property>
<property name="Select" value="On &quot;Size&quot; select any option">
</property>
<property name="Select" value="On &quot;Size&quot; select the option 2XL">
</property>
<property name="Step" value="Get the product price">
</property>
<property name="Button" value="Click: &quot; 
		Add to Cart
		 
	$35.00
&quot;">
</property>
<property name="Assert" value="There is one item in the bag">
</property>
<property name="Button" value="Click: &quot;
 
				1
			 
				items
			&quot;">
</property>
<property name="Assert" value="The name of the item in the cart is: &quot;WebdriverIO T-Shirt - Code Test Dominate&quot;">
</property>
<property name="Assert" value="The price of the item in the cart is: &quot;$35.00&quot;">
</property>
<property name="Assert" value="The subtotal is: &quot;$35.00&quot;">
</property>
</properties>
</testcase>
</testsuite>
<testsuite name="Api/servers.spec.ts" timestamp="2025-02-17T05:43:20.735Z" hostname="desktop-webkit" tests="2" failures="0" skipped="0" time="22.186" errors="0">
<testcase name="Servers › Should add a server" classname="Api/servers.spec.ts" time="10.537">
<properties>
<property name="Description" value="An admin user can add a server">
</property>
<property name="Pre Condition" value="A valid admin username and password is logged">
</property>
<property name="Go To" value="Go to the servers page: &quot;https://effizientedemo.azurewebsites.net/Security/servers&apos;&quot;">
</property>
<property name="Post Condition" value="Delete server with the key: &quot;553054&quot; if exists">
</property>
<property name="Button" value="Click: &quot;Add&quot;">
</property>
<property name="InputText" value="Fill &quot;Key:&quot; with the value: &quot;553054&quot;">
</property>
<property name="InputText" value="Fill &quot;Name:&quot; with the value: &quot;Osinski - Schimmel&quot;">
</property>
<property name="InputText" value="Fill &quot;Url:&quot; with the value: &quot;https://made-up-chasuble.biz&quot;">
</property>
<property name="Step" value="Save server and return server id from api">
</property>
<property name="Button" value="Click: &quot;Save&quot;">
</property>
<property name="Assert" value="Success message is visible">
</property>
<property name="Assert" value="Server id should be a number greater than 1">
</property>
<property name="Assert" value="Server with the key: &quot;553054&quot; exists in the table">
</property>
<property name="Assert" value="The server name for the key: &quot;553054&quot; is: &quot;Osinski - Schimmel&quot;">
</property>
<property name="Assert" value="The server url for the key: &quot;553054&quot; is: &quot;https://made-up-chasuble.biz&quot;">
</property>
<property name="Post Condition" value="Delete the server with API request">
</property>
</properties>
</testcase>
<testcase name="Servers › Should edit a server" classname="Api/servers.spec.ts" time="11.649">
<properties>
<property name="Description" value="An admin user can edit a server">
</property>
<property name="Pre Condition" value="A valid admin username and password is logged">
</property>
<property name="Go To" value="Go to the servers page: &quot;https://effizientedemo.azurewebsites.net/Security/servers&apos;&quot;">
</property>
<property name="Step" value="Create server with API">
</property>
<property name="Go To" value="Go to the servers page: &quot;https://effizientedemo.azurewebsites.net/Security/servers&apos;&quot;">
</property>
<property name="InputText" value="Fill &quot;key:&quot; with the value: &quot;528504&quot;">
</property>
<property name="InputText" value="Fill &quot;Name:&quot; with the value: &quot;Adams Inc&quot;">
</property>
<property name="InputText" value="Fill &quot;Url:&quot; with the value: &quot;https://excitable-section.com/&quot;">
</property>
<property name="Button" value="Click: &quot;Save&quot;">
</property>
<property name="Assert" value="Success message is visible">
</property>
<property name="Assert" value="Server with the key: &quot;528504&quot; exists in the table">
</property>
<property name="Assert" value="The server name for the key: &quot;528504&quot; is: &quot;Adams Inc&quot;">
</property>
<property name="Assert" value="The server url for the key: &quot;528504&quot; is: &quot;https://excitable-section.com/&quot;">
</property>
<property name="Post Condition" value="Delete the server with API request">
</property>
</properties>
</testcase>
</testsuite>
<testsuite name="Basic/login.spec.ts" timestamp="2025-02-17T05:43:20.735Z" hostname="desktop-webkit" tests="1" failures="0" skipped="0" time="3.083" errors="0">
<testcase name="Login › Login with valid user load inventory page" classname="Basic/login.spec.ts" time="3.083">
<properties>
<property name="Description" value="Login with valid user on sauce demo">
</property>
<property name="Pre Condition" value="A valid username and password">
</property>
<property name="Go To" value="Go to: &quot;https://www.saucedemo.com&quot;">
</property>
<property name="InputText" value="Fill &quot;Username:&quot; with the value: &quot;standard_user&quot;">
</property>
<property name="InputPassword" value="Fill &quot;Password&quot; with value: *****">
</property>
<property name="Button" value="Click: &quot;Login&quot;">
</property>
<property name="Assert" value="Check URL Page is equal to: &quot;https://www.saucedemo.com/inventory.html&quot;">
</property>
</properties>
</testcase>
</testsuite>
<testsuite name="Basic/menu.spec.ts" timestamp="2025-02-17T05:43:20.735Z" hostname="desktop-webkit" tests="2" failures="0" skipped="0" time="18.668" errors="0">
<testcase name="Normal user › Should returns user menu" classname="Basic/menu.spec.ts" time="11.639">
<properties>
<property name="Description" value="Login to effiziente demo with a normal user, the user will see the menu for normal users">
</property>
<property name="Pre Condition" value="A valid normal user">
</property>
<property name="Go To" value="Go to: &quot;https://effizientedemo.azurewebsites.net/AccountsReceivable/dashboard&quot;">
</property>
<property name="PrimeFacesMenu" value="Get top menus">
</property>
<property name="Assert" value="Menu are equal to: &quot;AccountsReceivable,Config&quot;">
</property>
</properties>
</testcase>
<testcase name="Admin user › Should returns admin menu" classname="Basic/menu.spec.ts" time="7.029">
<properties>
<property name="Description" value="Login to effiziente demo with a admin user, the user will see the menu for admin users">
</property>
<property name="Pre Condition" value="A valid admin user">
</property>
<property name="Go To" value="Go to: &quot;https://effizientedemo.azurewebsites.net/AccountsReceivable/dashboard&quot;">
</property>
<property name="PrimeFacesMenu" value="Get top menus">
</property>
<property name="Assert" value="Menu are equal to: &quot;AccountsReceivable,Security,Config&quot;">
</property>
</properties>
</testcase>
</testsuite>
<testsuite name="Basic/parameterized.spec.ts" timestamp="2025-02-17T05:43:20.735Z" hostname="desktop-webkit" tests="2" failures="0" skipped="0" time="6.93" errors="0">
<testcase name="Login with Parameters › Login with &quot;standard_user&quot; from parameters will load inventory page" classname="Basic/parameterized.spec.ts" time="3.57">
<properties>
<property name="Description" value="Login with valid user on Sauce Demo">
</property>
<property name="Pre Condition" value="A valid username and password">
</property>
<property name="Go To" value="Go to: &quot;https://www.saucedemo.com&quot;">
</property>
<property name="InputText" value="Fill &quot;Username:&quot; with the value: &quot;standard_user&quot;">
</property>
<property name="InputPassword" value="Fill &quot;Password&quot; with value: *****">
</property>
<property name="Button" value="Click: &quot;Login&quot;">
</property>
<property name="Assert" value="Check URL Page is equal to: https://www.saucedemo.com/inventory.html&quot;">
</property>
</properties>
</testcase>
<testcase name="Login with Parameters › Login with &quot;visual_user&quot; from parameters will load inventory page" classname="Basic/parameterized.spec.ts" time="3.36">
<properties>
<property name="Description" value="Login with valid user on Sauce Demo">
</property>
<property name="Pre Condition" value="A valid username and password">
</property>
<property name="Go To" value="Go to: &quot;https://www.saucedemo.com&quot;">
</property>
<property name="InputText" value="Fill &quot;Username:&quot; with the value: &quot;visual_user&quot;">
</property>
<property name="InputPassword" value="Fill &quot;Password&quot; with value: *****">
</property>
<property name="Button" value="Click: &quot;Login&quot;">
</property>
<property name="Assert" value="Check URL Page is equal to: https://www.saucedemo.com/inventory.html&quot;">
</property>
</properties>
</testcase>
</testsuite>
<testsuite name="Excel/exportServers.spec.ts" timestamp="2025-02-17T05:43:20.735Z" hostname="desktop-webkit" tests="1" failures="0" skipped="0" time="6.195" errors="0">
<testcase name="Servers › Should export servers to excel" classname="Excel/exportServers.spec.ts" time="6.195">
<properties>
<property name="Go To" value="Go to the servers page: &quot;https://effizientedemo.azurewebsites.net/Security/servers&apos;&quot;">
</property>
<property name="ButtonExcel" value="Click: &quot;Export to Excel&quot;">
</property>
<property name="Assert" value="The excel file rows are equal to the grid rows">
</property>
</properties>
<system-out>
<![CDATA[
[[ATTACHMENT|../test-results/Excel-exportServers-Servers-Should-export-servers-to-excel-desktop-webkit/attachments/servers-xlsx-b45414d1440b649c23868d9b19e0f22e5f012826.xlsx]]
]]>
</system-out>
</testcase>
</testsuite>
<testsuite name="Fixture-LambdaTest/loginLambdaTestFixture.spec.ts" timestamp="2025-02-17T05:43:20.735Z" hostname="desktop-webkit" tests="1" failures="0" skipped="0" time="1.218" errors="0">
<testcase name="Login › Login with valid user load inventory page" classname="Fixture-LambdaTest/loginLambdaTestFixture.spec.ts" time="1.218">
<properties>
<property name="Go To" value="Go to: &quot;https://www.saucedemo.com&quot;">
</property>
<property name="InputText" value="Fill &quot;Username:&quot; with the value: &quot;standard_user&quot;">
</property>
<property name="InputPassword" value="Fill &quot;Password&quot; with value: *****">
</property>
<property name="Button" value="Click: &quot;Login&quot;">
</property>
<property name="Assert" value="Check URL Page equal to: &quot;https://www.saucedemo.com/inventory.html">
</property>
</properties>
</testcase>
</testsuite>
<testsuite name="LocaleGeo/bingMaps.spec.ts" timestamp="2025-02-17T05:43:20.735Z" hostname="desktop-webkit" tests="1" failures="0" skipped="0" time="24.879" errors="0">
<testcase name="Geo Location Test › The bing maps is located to munich" classname="LocaleGeo/bingMaps.spec.ts" time="24.879">
<properties>
<property name="Go To" value="Go to: &quot;https://www.bing.com/maps&quot;">
</property>
<property name="Button" value="Click: &quot;Locate me&quot;">
</property>
<property name="Button" value="Check if the button is visible">
</property>
<property name="Button" value="Click: &quot;Expand/Collapse Geochain&quot;">
</property>
<property name="Assert" value="Geo name is equal to: &quot;GermanyBavariaMunich (District)&quot;">
</property>
</properties>
</testcase>
</testsuite>
<testsuite name="LocaleGeo/searchLocale.spec.ts" timestamp="2025-02-17T05:43:20.735Z" hostname="desktop-webkit" tests="1" failures="0" skipped="0" time="4.414" errors="0">
<testcase name="Locale translations › Should display correct translations for specified locale and timezone" classname="LocaleGeo/searchLocale.spec.ts" time="4.414">
<properties>
<property name="Go To" value="Go to: &quot;https://www.google.com&quot;">
</property>
<property name="Assert" value="Search button text is equal to: &quot;Buscar con Google&quot;">
</property>
</properties>
</testcase>
</testsuite>
<testsuite name="Synthetic/login.spec.ts" timestamp="2025-02-17T05:43:20.735Z" hostname="desktop-webkit" tests="1" failures="0" skipped="0" time="11.78" errors="0">
<testcase name="Synthetic login testing › Should show dashboard" classname="Synthetic/login.spec.ts" time="11.78">
</testcase>
</testsuite>
<testsuite name="Synthetic/menu.spec.ts" timestamp="2025-02-17T05:43:20.735Z" hostname="desktop-webkit" tests="1" failures="0" skipped="0" time="8.908" errors="0">
<testcase name="Synthetic testing › Should show dashboard" classname="Synthetic/menu.spec.ts" time="8.908">
<properties>
<property name="Navigation" value="Go to: &quot;https://effizientedemo.azurewebsites.net&quot;">
</property>
</properties>
</testcase>
</testsuite>
<testsuite name="VisualTesting/dashboard.spec.ts" timestamp="2025-02-17T05:43:20.735Z" hostname="desktop-webkit" tests="1" failures="0" skipped="0" time="7.605" errors="0">
<testcase name="Check Dashboard › Should show dashboard" classname="VisualTesting/dashboard.spec.ts" time="7.605">
<properties>
<property name="Mock" value="Modify the summary with fixed data">
</property>
<property name="Mock" value="Modify the &quot;Sumary Expiration&quot; with fixed data">
</property>
<property name="Mock" value="Modify the &quot;Top 5 delay&quot; with fixed data">
</property>
<property name="Mock" value="Modify the &quot;Top 5 total&quot; with fixed data">
</property>
<property name="Mock" value="Modify the &quot;Top 5 type&quot; with fixed data">
</property>
<property name="Mock" value="Modify the &quot;Top 10 Limit 1&quot; with fixed data">
</property>
<property name="Mock" value="Modify the &quot;Top 10 Limit 2&quot; with fixed data">
</property>
<property name="Mock" value="Modify the &quot;Top 10 Limit 3&quot; with fixed data">
</property>
<property name="Mock" value="Modify the &quot;Top 10 To Expire&quot; with fixed data">
</property>
<property name="Go To" value="Go to: &quot;https://effizientedemo.azurewebsites.net/AccountsReceivable/dashboard&quot;">
</property>
<property name="Go To" value="Wait to charts are visible">
</property>
<property name="Step" value="Compare snapshot: dashboard.png with maxDiffPixelsRatio: 0.1">
</property>
</properties>
</testcase>
</testsuite>
</testsuites>